x 
x 
x 
x 
x 
x 
x 
x 
x 
x 
x 
x 
x 
x 
x 
x 
x 
x 
x 
x 
x 
x 
x 
x 
x 
x 
x 
x 
x 
x 
x 
x 
x 
x 
x 
x 
x 
x 
x 
x 
x 
x 
x 
x 
x 
x 
x 
x 
x 
x 
x 
x 
x 
x 
x 
x 
x 
x 
x 
x 
x 
x 
x 
x 
x 
x 
x 
x 
x 
x 
x 
x 
x 
x 
x 
x 
x 
x 
x 
x 
x 
x 
x 
x 
x 
x 
x 
x 
x 
x 
x 
x 
x 
x 
x 
x 
x 
x 
x 
x 
x 
x 
x 
x 
x 
x 
x 
x 
x 
x 
x 
x 
x 
x 
x 
x 
x 
x 
x 
x 
x 
x 
x 
x 
x 
x 
x 
x 
x 
x 
x 
x 
x 
x 
x 
x 
x 
x 
x 
x 
x 
x 
x 
x 
x 
x 
x 
x 
x 
x 
x 
x 
x 
x 
x 
x 
x 
x 
x 
x 
x 
x 
x 
x 
x 
x 
x 
x 
x 
x 
x 
x 
x 
x 
x 
x 
x 
x 
x 
x 
x 
x 
x 
x 
x 
x 
x 
x 
x 
x 
x 
x 
x 
x 
x 
x 
x 
x 
x 
x 
x 
x 
x 
x 
x 
x 
x 
x 
x 
x 
x 
x 
x 
x 
x 
x 
x 
x 
x 
x 
x 
x 
x 
x 
x 
x 
x 
x 
x 
x 
x 
x 
x 
x 
x 
x 
x 
x 
x 
x 
x 
x 
x 
x 
x 
x 
x 
x 
x 
x 
x 
x 
x 
x 
x 
x 
x 
x 
x 
x 
x 
x 
x 
x 
x 
x 
x 
x 
x 
x 
x 
x 
x 
x 
x 
x 
x 
x 
x 
x 
x 
x 
x 
x 
x 
x 
x 
x 
x 
x 
x 
x 
x 
x 
x 
x 
x 
x 
x 
x 
x 
x 
x 
x 
x 
x 
x 
x 
x 
x 
x 
x 
x 
x 
x 
x 
x 
x 
x 
x 
x 
x 
x 
x 
x 
x 
x 
x 
x 
x 
x 
x 
x 
x 
x 
x 
x 
x 
x 
x 
x 
x 
x 
x 
x 
x 
x 
x 
x 
x 
x 
x 
x 
x 
x 
x 
x 
x 
x 
x 
x 
x 
x 
x 
x 
x 
x 
x 
x 
x 
x 
x 
x 
x 
x 
x 
x 
x 
x 
x 
x 
x 
x 
x 
x 
x 
x 
x 
x 
x 
x 
x 
x 
x 
x 
x 
x 
x 
x 
x 
x 
x 
x 
x 
x 
x 
x 
x 
x 
x 
x 
x 
x 
x 
x 
x 
x 
x 
x 
x 
x 
x 
x 
x 
x 
x 
x 
x 
x 
x 
x 
x 
x 
x 
x 
x 
x 
x 
x 
x 
x 
x 
x 
x 
x 
x 
x 
x 
x 
x 
x 
x 
x 
x 
x 
x 
x 
x 
x 
x 
x 
x 
x 
x 
x 
x 
x 
x 
x 
x 
x 
x 
x 
x 
x 
x 
x 
x 
x 
x 
x 
x 
x 
x 
x 
x 
x 
x 
x 
x 
x 
x 
x 
x 
x 
x 
x 
x 
x 
x 
x 
x 
x 
x 
x 
x 
x 
x 
x 
x 
x 
x 
x 
x 
x 
x 
x 
x 
x 
x 
x 
x 
x 
x 
x 
x 
x 
x 
x 
x 
x 
x 
x 
x 
x 
x 
x 
x 
x 
x 
x 
x 
x 
x 
x 
x 
x 
x 
x 
x 
x 
x 
x 
x 
x 
x 
x 
x 
x 
x 
x 
x 
x 
x 
x 
x 
x 
x 
x 
x 
x 
x 
x 
x 
x 
x 
x 
x 
x 
x 
x 
x 
x 
x 
x 
x 
x 
x 
x 
x 
x 
x 
x 
x 
x 
x 
x 
x 
x 
x 
x 
x 
x 
x 
x 
x 
x 
x 
x 
x 
x 
x 
x 
x 
x 
x 
x 
x 
x 
x 
x 
x 
x 
x 
x 
x 
x 
x 
x 
x 
x 
x 
x 
x 
x 
x 
x 
x 
x 
x 
x 
x 
x 
x 
x 
x 
x 
x 
x 
x 
x 
x 
x 
x 
x 
x 
x 
x 
x 
x 
x 
x 
x 
x 
x 
x 
x 
x 
x 
x 
x 
x 
x 
x 
x 
x 
x 
x 
x 
x 
x 
x 
x 
x 
x 
x 
x 
x 
x 
x 
x 
x 
x 
x 
x 
x 
x 
x 
x 
x 
x 
x 
x 
x 
x 
x 
x 
x 
x 
x 
x 
x 
x 
x 
x 
x 
x 
x 
x 
x 
x 
x 
x 
x 
x 
x 
x 
x 
x 
x 
x 
x 
x 
x 
x 
x 
x 
x 
x 
x 
x 
x 
x 
x 
x 
x 
x 
x 
x 
x 
x 
x 
x 
x 
x 
x 
x 
x 
x 
x 
x 
x 
x 
x 
x 
x 
x 
x 
x 
x 
x 
x 
x 
x 
x 
x 
x 
x 
x 
x 
x 
x 
x 
x 
x 
x 
x 
x 
x 
x 
x 
x 
x 
x 
x 
x 
x 
x 
x 
x 
x 
x 
x 
x 
x 
x 
x 
x 
x 
x 
x 
x 
x 
x 
x 
x 
x 
x 
x 
x 
x 
x 
x 
x 
x 
x 
x 
x 
x 
x 
x 
x 
x 
x 
x 
x 
x 
x 
x 
x 
x 
x 
x 
x 
x 
x 
x 
x 
x 
x 
x 
x 
x 
x 
x 
x 
x 
x 
x 
x 
x 
x 
x 
x 
x 
x 
x 
x 
x 
x 
x 
x 
x 
x 
x 
x 
x 
x 
x 
x 
x 
x 
x 
x 
x 
x 
x 
x 
x 
x 
x 
x 
x 
x 
x 
x 
x 
x 
x 
x 
x 
x 
x 
x 
x 
x 
x 
x 
x 
x 
x 
x 
x 
x 
x 
x 
x 
x 
x 
x 
x 
x 
x 
x 
x 
x 
x 
x 
x 
x 
x 
x 
x 
x 
x 
x 
x 
x 
x 
x 
x 
x 
x 
x 
x 
x 
x 
x 
x 
x 
x 
x 
x 
x 
x 
x 
x 
x 
x 
x 
x 
x 
x 
x 
x 
x 
x 
x 
x 
x 
x 
x 
x 
x 
x 
x 
x 
x 
x 
x 
x 
x 
x 
x 
x 
x 
x 
x 
x 
x 
x 
x 
x 
x 
x 
x 
x 
x 
x 
x 
x 
x 
x 
x 
x 
x 
x 
x 
x 
x 
x 
x 
x 
x 
x 
x 
x 
x 
x 
x 
x 
x 
x 
x 
x 
x 
x 
x 
x 
0 
0 
0 
0 
0 
0 
0 
-50 
-50 
-50 
-50 
-50 
-50 
-50 
-50 
44 
44 
44 
44 
44 
44 
44 
44 
107 
107 
107 
107 
107 
107 
107 
107 
-251 
-251 
-251 
-251 
-251 
-251 
-251 
-251 
158 
158 
158 
158 
158 
158 
158 
158 
-78 
-78 
-78 
-78 
-78 
-78 
-78 
-78 
175 
175 
175 
175 
175 
175 
175 
175 
-105 
-105 
-105 
-105 
-105 
-105 
-105 
-105 
-42 
-42 
-42 
-42 
-42 
-42 
-42 
-42 
233 
233 
233 
233 
233 
233 
233 
233 
-458 
-458 
-458 
-458 
-458 
-458 
-458 
-458 
375 
375 
375 
375 
375 
375 
375 
375 
-455 
-455 
-455 
-455 
-455 
-455 
-455 
-455 
563 
563 
563 
563 
563 
563 
563 
563 
-581 
-581 
-581 
-581 
-581 
-581 
-581 
-581 
217 
217 
217 
217 
217 
217 
217 
217 
208 
208 
208 
208 
208 
208 
208 
208 
-524 
-524 
-524 
-524 
-524 
-524 
-524 
-524 
950 
950 
950 
950 
950 
950 
950 
950 
-1369 
-1369 
-1369 
-1369 
-1369 
-1369 
-1369 
-1369 
1598 
1598 
1598 
1598 
1598 
1598 
1598 
1598 
-1630 
-1630 
-1630 
-1630 
-1630 
-1630 
-1630 
-1630 
1033 
1033 
1033 
1033 
1033 
1033 
1033 
1033 
-371 
-371 
-371 
-371 
-371 
-371 
-371 
-371 
-463 
-463 
-463 
-463 
-463 
-463 
-463 
-463 
1392 
1392 
1392 
1392 
1392 
1392 
1392 
1392 
-2556 
-2556 
-2556 
-2556 
-2556 
-2556 
-2556 
-2556 
3400 
3400 
3400 
3400 
3400 
3400 
3400 
3400 
-3645 
-3645 
-3645 
-3645 
-3645 
-3645 
-3645 
-3645 
3371 
3371 
3371 
3371 
3371 
3371 
3371 
3371 
-2497 
-2497 
-2497 
-2497 
-2497 
-2497 
-2497 
-2497 
917 
917 
917 
917 
917 
917 
917 
917 
1074 
1074 
1074 
1074 
1074 
1074 
1074 
1074 
-3634 
-3634 
-3634 
-3634 
-3634 
-3634 
-3634 
-3634 
5762 
5762 
5762 
5762 
5762 
5762 
5762 
5762 
-7247 
-7247 
-7247 
-7247 
-7247 
-7247 
-7247 
-7247 
7674 
7674 
7674 
7674 
7674 
7674 
7674 
7674 
-7137 
-7137 
-7137 
-7137 
-7137 
-7137 
-7137 
-7137 
5081 
5081 
5081 
5081 
5081 
5081 
5081 
5081 
-1614 
-1614 
-1614 
-1614 
-1614 
-1614 
-1614 
-1614 
-2741 
-2741 
-2741 
-2741 
-2741 
-2741 
-2741 
-2741 
7337 
7337 
7337 
7337 
7337 
7337 
7337 
7337 
-11602 
-11602 
-11602 
-11602 
-11602 
-11602 
-11602 
-11602 
14556 
14556 
14556 
14556 
14556 
14556 
14556 
14556 
-15913 
-15913 
-15913 
-15913 
-15913 
-15913 
-15913 
-15913 
14437 
14437 
14437 
14437 
14437 
14437 
14437 
14437 
-10168 
-10168 
-10168 
-10168 
-10168 
-10168 
-10168 
-10168 
3242 
3242 
3242 
3242 
3242 
3242 
3242 
3242 
5310 
5310 
5310 
5310 
5310 
5310 
5310 
5310 
-14867 
-14867 
-14867 
-14867 
-14867 
-14867 
-14867 
-14867 
23992 
23992 
23992 
23992 
23992 
23992 
23992 
23992 
-30981 
-30981 
-30981 
-30981 
-30981 
-30981 
-30981 
-30981 
34199 
34199 
34199 
34199 
34199 
34199 
34199 
34199 
-32293 
-32293 
-32293 
-32293 
-32293 
-32293 
-32293 
-32293 
24243 
24243 
24243 
24243 
24243 
24243 
24243 
24243 
-10120 
-10120 
-10120 
-10120 
-10120 
-10120 
-10120 
-10120 
-10593 
-10593 
-10593 
-10593 
-10593 
-10593 
-10593 
-10593 
36705 
36705 
36705 
36705 
36705 
36705 
36705 
36705 
-67000 
-67000 
-67000 
-67000 
-67000 
-67000 
-67000 
-67000 
99505 
99505 
99505 
99505 
99505 
99505 
99505 
99505 
-133649 
-133649 
-133649 
-133649 
-133649 
-133649 
-133649 
-133649 
169984 
169984 
169984 
169984 
169984 
169984 
169984 
169984 
-214485 
-214485 
-214485 
-214485 
-214485 
-214485 
-214485 
-214485 
-359964 
-359964 
-359964 
-359964 
-359964 
-359964 
-359964 
-359964 
367229 
367229 
367229 
367229 
367229 
367229 
367229 
367229 
-717292 
-717292 
-717292 
-717292 
-717292 
-717292 
-717292 
-717292 
405475 
405475 
405475 
405475 
405475 
405475 
405475 
405475 
513722 
513722 
513722 
513722 
513722 
513722 
513722 
513722 
-1397469 
-1397469 
-1397469 
-1397469 
-1397469 
-1397469 
-1397469 
-1397469 
228260 
228260 
228260 
228260 
228260 
228260 
228260 
228260 
-139759 
-139759 
-139759 
-139759 
-139759 
-139759 
-139759 
-139759 
-466568 
-466568 
-466568 
-466568 
-466568 
-466568 
-466568 
-466568 
1109715 
1109715 
1109715 
1109715 
1109715 
1109715 
1109715 
1109715 
-737208 
-737208 
-737208 
-737208 
-737208 
-737208 
-737208 
-737208 
-710911 
-710911 
-710911 
-710911 
-710911 
-710911 
-710911 
-710911 
509463 
509463 
509463 
509463 
509463 
509463 
509463 
509463 
-680819 
-680819 
-680819 
-680819 
-680819 
-680819 
-680819 
-680819 
561619 
561619 
561619 
561619 
561619 
561619 
561619 
561619 
548841 
548841 
548841 
548841 
548841 
548841 
548841 
548841 
-1250712 
-1250712 
-1250712 
-1250712 
-1250712 
-1250712 
-1250712 
-1250712 
281659 
281659 
281659 
281659 
281659 
281659 
281659 
281659 
-17673 
-17673 
-17673 
-17673 
-17673 
-17673 
-17673 
-17673 
-384979 
-384979 
-384979 
-384979 
-384979 
-384979 
-384979 
-384979 
1203059 
1203059 
1203059 
1203059 
1203059 
1203059 
1203059 
1203059 
-629180 
-629180 
-629180 
-629180 
-629180 
-629180 
-629180 
-629180 
-639273 
-639273 
-639273 
-639273 
-639273 
-639273 
-639273 
-639273 
632678 
632678 
632678 
632678 
632678 
632678 
632678 
632678 
-616759 
-616759 
-616759 
-616759 
-616759 
-616759 
-616759 
-616759 
684645 
684645 
684645 
684645 
684645 
684645 
684645 
684645 
620555 
620555 
620555 
620555 
620555 
620555 
620555 
620555 
-1141680 
-1141680 
-1141680 
-1141680 
-1141680 
-1141680 
-1141680 
-1141680 
371783 
371783 
371783 
371783 
371783 
371783 
371783 
371783 
70563 
70563 
70563 
70563 
70563 
70563 
70563 
70563 
-274017 
-274017 
-274017 
-274017 
-274017 
-274017 
-274017 
-274017 
1272853 
1272853 
1272853 
1272853 
1272853 
1272853 
1272853 
1272853 
-504319 
-504319 
-504319 
-504319 
-504319 
-504319 
-504319 
-504319 
-577029 
-577029 
-577029 
-577029 
-577029 
-577029 
-577029 
-577029 
757362 
757362 
757362 
757362 
757362 
757362 
757362 
757362 
-545918 
-545918 
-545918 
-545918 
-545918 
-545918 
-545918 
-545918 
792321 
792321 
792321 
792321 
792321 
792321 
792321 
792321 
716082 
716082 
716082 
716082 
716082 
716082 
716082 
716082 
-1064966 
-1064966 
-1064966 
-1064966 
-1064966 
-1064966 
-1064966 
-1064966 
502578 
502578 
502578 
502578 
502578 
502578 
502578 
502578 
110019 
110019 
110019 
110019 
110019 
110019 
110019 
110019 
-106459 
-106459 
-106459 
-106459 
-106459 
-106459 
-106459 
-106459 
1278566 
1278566 
1278566 
1278566 
1278566 
1278566 
1278566 
1278566 
-308586 
-308586 
-308586 
-308586 
-308586 
-308586 
-308586 
-308586 
-590667 
-590667 
-590667 
-590667 
-590667 
-590667 
-590667 
-590667 
956305 
956305 
956305 
956305 
956305 
956305 
956305 
956305 
-514081 
-514081 
-514081 
-514081 
-514081 
-514081 
-514081 
-514081 
-990654 
-990654 
-990654 
-990654 
-990654 
-990654 
-990654 
-990654 
437126 
437126 
437126 
437126 
437126 
437126 
437126 
437126 
-625504 
-625504 
-625504 
-625504 
-625504 
-625504 
-625504 
-625504 
199413 
199413 
199413 
199413 
199413 
199413 
199413 
199413 
759912 
759912 
759912 
759912 
759912 
759912 
759912 
759912 
-1312379 
-1312379 
-1312379 
-1312379 
-1312379 
-1312379 
-1312379 
-1312379 
16406 
16406 
16406 
16406 
16406 
16406 
16406 
16406 
96770 
96770 
96770 
96770 
96770 
96770 
96770 
96770 
-615438 
-615438 
-615438 
-615438 
-615438 
-615438 
-615438 
-615438 
1088958 
1088958 
1088958 
1088958 
1088958 
1088958 
1088958 
1088958 
-414475 
-414475 
-414475 
-414475 
-414475 
-414475 
-414475 
-414475 
-924928 
-924928 
-924928 
-924928 
-924928 
-924928 
-924928 
-924928 
571830 
571830 
571830 
571830 
571830 
571830 
571830 
571830 
-573691 
-573691 
-573691 
-573691 
-573691 
-573691 
-573691 
-573691 
332983 
